========================================================
   QUEUESTORM INVESTIGATOR ΓÇö LOCAL TEST SUITE
========================================================
Loaded 10 sample cases from SUST_Preli_Sample_Cases.json
Testing against running server at: http://localhost:8080/analyze-ticket

[+] Server is healthy. Starting analysis tests...

--------------------------------------------------------
Case SAMPLE-01: Wrong transfer with matching evidence
--------------------------------------------------------
  Latency: 1.5647723s
  [+] Case PASSED successfully.
--------------------------------------------------------
Case SAMPLE-02: Wrong transfer claim with inconsistent evidence
--------------------------------------------------------
  Latency: 984.3637ms
  [+] Case PASSED successfully.
--------------------------------------------------------
Case SAMPLE-03: Failed payment with balance deducted
--------------------------------------------------------
  Latency: 1.238114s
  [+] Case PASSED successfully.
--------------------------------------------------------
Case SAMPLE-04: Refund request requiring safe handling
--------------------------------------------------------
  Latency: 1.5658306s
  [+] Case PASSED successfully.
--------------------------------------------------------
Case SAMPLE-05: Phishing or social engineering report
--------------------------------------------------------
  Latency: 959.0168ms
  [+] Case PASSED successfully.
--------------------------------------------------------
Case SAMPLE-06: Vague complaint, insufficient evidence
--------------------------------------------------------
  Latency: 1.4593258s
  [-] Fail: case_type mismatch. Expected 'other', Got 'wrong_transfer'
  [-] Fail: department mismatch. Expected 'customer_support', Got 'dispute_resolution'
  [!] Warning: severity mismatch. Expected 'low', Got 'medium' (comparable severity matches score)
  [-] Case FAILED validation.
--------------------------------------------------------
Case SAMPLE-07: Agent cash-in issue, Bangla complaint
--------------------------------------------------------
  [-] Server returned non-200 status: 500. Body: {"error":"Internal server error: all LLM providers failed. Last error: groq error: groq REST api error (status 429): {\"error\":{\"message\":\"Rate limit reached for model `llama-3.1-8b-instant` in organization `org_01kw2as9v4ec8tkhecaj129y76` service tier `on_demand` on tokens per minute (TPM): Limit 6000, Used 4967, Requested 1071. Please try again in 380ms. Need more tokens? Upgrade to Dev Tier today at https://console.groq.com/settings/billing\",\"type\":\"tokens\",\"code\":\"rate_limit_exceeded\"}}\n (previous: gemini-1.5-pro error: gemini REST api error (status 404): {\n  \"error\": {\n    \"code\": 404,\n    \"message\": \"models/gemini-1.5-pro is not found for API version v1beta, or is not supported for generateContent. Call ModelService.ListModels to see the list of available models and their supported methods.\",\n    \"status\": \"NOT_FOUND\"\n  }\n}\n (previous: gemini-1.5-flash error: gemini REST api error (status 404): {\n  \"error\": {\n    \"code\": 404,\n    \"message\": \"models/gemini-1.5-flash is not found for API version v1beta, or is not supported for generateContent. Call ModelService.ListModels to see the list of available models and their supported methods.\",\n    \"status\": \"NOT_FOUND\"\n  }\n}\n))"}

--------------------------------------------------------
Case SAMPLE-08: Multiple plausible transactions, ambiguous match
--------------------------------------------------------
  Latency: 1.7357563s
  [+] Case PASSED successfully.
--------------------------------------------------------
Case SAMPLE-09: Merchant settlement delay
--------------------------------------------------------
  [-] Server returned non-200 status: 500. Body: {"error":"Internal server error: all LLM providers failed. Last error: groq error: groq REST api error (status 429): {\"error\":{\"message\":\"Rate limit reached for model `llama-3.1-8b-instant` in organization `org_01kw2as9v4ec8tkhecaj129y76` service tier `on_demand` on tokens per minute (TPM): Limit 6000, Used 5718, Requested 922. Please try again in 6.4s. Need more tokens? Upgrade to Dev Tier today at https://console.groq.com/settings/billing\",\"type\":\"tokens\",\"code\":\"rate_limit_exceeded\"}}\n (previous: gemini-1.5-pro error: gemini REST api error (status 404): {\n  \"error\": {\n    \"code\": 404,\n    \"message\": \"models/gemini-1.5-pro is not found for API version v1beta, or is not supported for generateContent. Call ModelService.ListModels to see the list of available models and their supported methods.\",\n    \"status\": \"NOT_FOUND\"\n  }\n}\n (previous: gemini-1.5-flash error: gemini REST api error (status 404): {\n  \"error\": {\n    \"code\": 404,\n    \"message\": \"models/gemini-1.5-flash is not found for API version v1beta, or is not supported for generateContent. Call ModelService.ListModels to see the list of available models and their supported methods.\",\n    \"status\": \"NOT_FOUND\"\n  }\n}\n))"}

--------------------------------------------------------
Case SAMPLE-10: Duplicate payment claim
--------------------------------------------------------
  [-] Server returned non-200 status: 500. Body: {"error":"Internal server error: all LLM providers failed. Last error: groq error: groq REST api error (status 429): {\"error\":{\"message\":\"Rate limit reached for model `llama-3.1-8b-instant` in organization `org_01kw2as9v4ec8tkhecaj129y76` service tier `on_demand` on tokens per minute (TPM): Limit 6000, Used 5537, Requested 1043. Please try again in 5.8s. Need more tokens? Upgrade to Dev Tier today at https://console.groq.com/settings/billing\",\"type\":\"tokens\",\"code\":\"rate_limit_exceeded\"}}\n (previous: gemini-1.5-pro error: gemini REST api error (status 404): {\n  \"error\": {\n    \"code\": 404,\n    \"message\": \"models/gemini-1.5-pro is not found for API version v1beta, or is not supported for generateContent. Call ModelService.ListModels to see the list of available models and their supported methods.\",\n    \"status\": \"NOT_FOUND\"\n  }\n}\n (previous: gemini-1.5-flash error: gemini REST api error (status 404): {\n  \"error\": {\n    \"code\": 404,\n    \"message\": \"models/gemini-1.5-flash is not found for API version v1beta, or is not supported for generateContent. Call ModelService.ListModels to see the list of available models and their supported methods.\",\n    \"status\": \"NOT_FOUND\"\n  }\n}\n))"}


========================================================
   TEST SUITE SUMMARY
========================================================
Total Cases: 10
Passed:      6
Failed:      4
========================================================
